{
  "episodes": 1,
  "success_rate": 1.0,
  "mean_steps_to_target": 104.0,
  "mean_time_to_target": 2.08,
  "mean_distance_traveled": 22.44499790153819,
  "mean_collision_ticks": 0.0,
  "mean_collision_onsets": 0.0,
  "mean_reward": 17.12377470041969,
  "mean_final_distance": 0.9554144247795131,
  "flipped": 0,
  "brain": {
    "type": "mlp",
    "hidden": 16
  },
  "wall_s": 8.7,
  "project_id": "henrycao-2026-f003b4"
}
wrote /home/unix_101/digital-fly/experiments/results/blind_demo/_renders/baseline
video: /home/unix_101/digital-fly/experiments/results/blind_demo/_renders/baseline/videos/seed20000001_success | success True t2t 2.08
