{
  "episodes": 1,
  "success_rate": 1.0,
  "mean_steps_to_target": 113.0,
  "mean_time_to_target": 2.2600000000000002,
  "mean_distance_traveled": 25.86761129173773,
  "mean_collision_ticks": 0.0,
  "mean_collision_onsets": 0.0,
  "mean_reward": 17.021275371713692,
  "mean_final_distance": 0.9679137534855169,
  "flipped": 0,
  "brain": {
    "type": "manc",
    "min_weight": 10,
    "n_input_types": 32,
    "substeps": 4,
    "leak": 0.5,
    "readout": "standardized"
  },
  "wall_s": 9.4,
  "project_id": "henrycao-2026-f003b4"
}
wrote /home/unix_101/digital-fly/experiments/results/blind_demo/_renders/MANC
video: /home/unix_101/digital-fly/experiments/results/blind_demo/_renders/MANC/videos/seed20000001_success | success True t2t 2.2600000000000002
