{
  "episodes": 1,
  "success_rate": 0.0,
  "mean_steps_to_target": null,
  "mean_time_to_target": null,
  "mean_distance_traveled": 19.73024087501257,
  "mean_collision_ticks": 124.0,
  "mean_collision_onsets": 14.0,
  "mean_reward": -62.024746349177406,
  "mean_final_distance": 4.871300319570179,
  "flipped": 0,
  "brain": {
    "type": "mlp",
    "hidden": 16
  },
  "wall_s": 18.7,
  "project_id": "henrycao-2026-f003b4"
}
wrote /home/unix_101/digital-fly/experiments/results/demo_check/baseline_v2_n2
video: /home/unix_101/digital-fly/experiments/results/demo_check/baseline_v2_n2/videos/seed20000000_fail | success False t2t None
