{
  "episodes": 1,
  "success_rate": 0.0,
  "mean_steps_to_target": null,
  "mean_time_to_target": null,
  "mean_distance_traveled": 26.922417587804667,
  "mean_collision_ticks": 0.0,
  "mean_collision_onsets": 0.0,
  "mean_reward": 3.1533918557374894,
  "mean_final_distance": 3.2660886886142957,
  "flipped": 0,
  "brain": {
    "type": "mlp",
    "hidden": 16
  },
  "wall_s": 15.7,
  "project_id": "henrycao-2026-f003b4"
}
wrote /home/unix_101/digital-fly/experiments/results/demo_check/baseline_v2_n1
video: /home/unix_101/digital-fly/experiments/results/demo_check/baseline_v2_n1/videos/seed20000000_fail | success False t2t None
