{
  "episodes": 1,
  "success_rate": 1.0,
  "mean_steps_to_target": 143.0,
  "mean_time_to_target": 2.86,
  "mean_distance_traveled": 32.99177078288947,
  "mean_collision_ticks": 0.0,
  "mean_collision_onsets": 0.0,
  "mean_reward": 14.875464854628742,
  "mean_final_distance": 0.9009475249444476,
  "flipped": 0,
  "brain": {
    "type": "mlp",
    "hidden": 16
  },
  "wall_s": 13.9,
  "project_id": "henrycao-2026-f003b4"
}
wrote /home/unix_101/digital-fly/experiments/results/demo_check/baseline_v2_n0
video: /home/unix_101/digital-fly/experiments/results/demo_check/baseline_v2_n0/videos/seed20000000_success | success True t2t 2.86
