{
  "episodes": 1,
  "success_rate": 0.0,
  "mean_steps_to_target": null,
  "mean_time_to_target": null,
  "mean_distance_traveled": 11.927376159968457,
  "mean_collision_ticks": 130.0,
  "mean_collision_onsets": 6.0,
  "mean_reward": -62.74429522583689,
  "mean_final_distance": 4.237806050901867,
  "flipped": 0,
  "brain": {
    "type": "mlp",
    "hidden": 16
  },
  "wall_s": 17.6,
  "project_id": "henrycao-2026-f003b4"
}
wrote /home/unix_101/digital-fly/experiments/results/demo_check/baseline_mlp_n2
video: /home/unix_101/digital-fly/experiments/results/demo_check/baseline_mlp_n2/videos/seed20000000_fail | success False t2t None
