{
  "episodes": 1,
  "success_rate": 1.0,
  "mean_steps_to_target": 122.0,
  "mean_time_to_target": 2.44,
  "mean_distance_traveled": 28.264050760730925,
  "mean_collision_ticks": 0.0,
  "mean_collision_onsets": 0.0,
  "mean_reward": 16.02617123954066,
  "mean_final_distance": 0.7473395855243009,
  "flipped": 0,
  "brain": {
    "type": "mlp",
    "hidden": 16
  },
  "wall_s": 10.6,
  "project_id": "henrycao-2026-f003b4"
}
wrote /home/unix_101/digital-fly/experiments/results/demo_check/baseline_mlp_n0
video: /home/unix_101/digital-fly/experiments/results/demo_check/baseline_mlp_n0/videos/seed20000000_success | success True t2t 2.44
