{
  "episodes": 1,
  "success_rate": 1.0,
  "mean_steps_to_target": 32.0,
  "mean_time_to_target": 0.64,
  "mean_distance_traveled": 8.610751940067903,
  "mean_collision_ticks": 0.0,
  "mean_collision_onsets": 0.0,
  "mean_reward": 16.78492881961082,
  "mean_final_distance": 0.8885820054541392,
  "flipped": 0,
  "brain": {
    "type": "manc",
    "min_weight": 10,
    "n_input_types": 32,
    "substeps": 4,
    "leak": 0.5,
    "readout": "standardized"
  },
  "wall_s": 4.8,
  "project_id": "henrycao-2026-f003b4"
}
wrote /home/unix_101/digital-fly/experiments/results/demo_check/manc_v2_n0
video: /home/unix_101/digital-fly/experiments/results/demo_check/manc_v2_n0/videos/seed20000000_success | success True t2t 0.64
