{
  "episodes": 1,
  "success_rate": 0.0,
  "mean_steps_to_target": null,
  "mean_time_to_target": null,
  "mean_distance_traveled": 20.18919811405321,
  "mean_collision_ticks": 0.0,
  "mean_collision_onsets": 0.0,
  "mean_reward": 3.5219524568259915,
  "mean_final_distance": 2.9715583682389717,
  "flipped": 0,
  "brain": {
    "type": "manc",
    "min_weight": 10,
    "n_input_types": 32,
    "substeps": 4,
    "leak": 0.5,
    "readout": "standardized",
    "shuffle_seed": 0,
    "shuffle_mode": "class_side"
  },
  "wall_s": 15.6,
  "project_id": "henrycao-2026-f003b4"
}
wrote /home/unix_101/digital-fly/experiments/results/demo_check/manc_v2_shuffled_side_n1
video: /home/unix_101/digital-fly/experiments/results/demo_check/manc_v2_shuffled_side_n1/videos/seed20000000_fail | success False t2t None
