{
  "episodes": 1,
  "success_rate": 0.0,
  "mean_steps_to_target": null,
  "mean_time_to_target": null,
  "mean_distance_traveled": 21.850533759543424,
  "mean_collision_ticks": 22.0,
  "mean_collision_onsets": 8.0,
  "mean_reward": -8.324723265557818,
  "mean_final_distance": 3.8182340906227776,
  "flipped": 0,
  "brain": {
    "type": "manc",
    "min_weight": 10,
    "n_input_types": 32,
    "substeps": 4,
    "leak": 0.5,
    "readout": "standardized",
    "shuffle_seed": 0,
    "shuffle_mode": "class_side"
  },
  "wall_s": 16.5,
  "project_id": "henrycao-2026-f003b4"
}
wrote /home/unix_101/digital-fly/experiments/results/demo_check/manc_v2_shuffled_side_n2
video: /home/unix_101/digital-fly/experiments/results/demo_check/manc_v2_shuffled_side_n2/videos/seed20000000_fail | success False t2t None
