{
  "episodes": 1,
  "success_rate": 1.0,
  "mean_steps_to_target": 28.0,
  "mean_time_to_target": 0.56,
  "mean_distance_traveled": 9.147887586373512,
  "mean_collision_ticks": 0.0,
  "mean_collision_onsets": 0.0,
  "mean_reward": 16.939034553036336,
  "mean_final_distance": 0.7744762720286248,
  "flipped": 0,
  "brain": {
    "type": "manc",
    "min_weight": 10,
    "n_input_types": 32,
    "substeps": 4,
    "leak": 0.5,
    "readout": "standardized",
    "shuffle_seed": 0,
    "shuffle_mode": "class"
  },
  "wall_s": 3.9,
  "project_id": "henrycao-2026-f003b4"
}
wrote /home/unix_101/digital-fly/experiments/results/demo_check/manc_v2_shuffled_n0
video: /home/unix_101/digital-fly/experiments/results/demo_check/manc_v2_shuffled_n0/videos/seed20000000_success | success True t2t 0.56
