{
  "episodes": 1,
  "success_rate": 0.0,
  "mean_steps_to_target": null,
  "mean_time_to_target": null,
  "mean_distance_traveled": 38.21223249155029,
  "mean_collision_ticks": 63.0,
  "mean_collision_onsets": 10.0,
  "mean_reward": -32.396114504656346,
  "mean_final_distance": 7.389625329721302,
  "flipped": 0,
  "brain": {
    "type": "manc",
    "min_weight": 10,
    "n_input_types": 32,
    "substeps": 4,
    "leak": 0.5,
    "readout": "standardized"
  },
  "wall_s": 17.4,
  "project_id": "henrycao-2026-f003b4"
}
wrote /home/unix_101/digital-fly/experiments/results/demo_check/manc_v2_n1
video: /home/unix_101/digital-fly/experiments/results/demo_check/manc_v2_n1/videos/seed20000000_fail | success False t2t None
