{
  "episodes": 1,
  "success_rate": 1.0,
  "mean_steps_to_target": 86.0,
  "mean_time_to_target": 1.72,
  "mean_distance_traveled": 18.63878694907131,
  "mean_collision_ticks": 0.0,
  "mean_collision_onsets": 0.0,
  "mean_reward": 14.767208067364447,
  "mean_final_distance": 0.9327162303615163,
  "flipped": 0,
  "brain": {
    "type": "mlp",
    "hidden": 16
  },
  "wall_s": 10.1,
  "project_id": "henrycao-2026-f003b4"
}
wrote experiments/results/design_iteration_1/baseline_mlp
video: experiments/results/design_iteration_1/baseline_mlp/videos/seed20000002_success | success True t2t 1.72
