{
  "episodes": 1,
  "success_rate": 1.0,
  "mean_steps_to_target": 142.0,
  "mean_time_to_target": 2.84,
  "mean_distance_traveled": 30.82173832519155,
  "mean_collision_ticks": 0.0,
  "mean_collision_onsets": 0.0,
  "mean_reward": 13.41626348910475,
  "mean_final_distance": 0.9414565762562165,
  "flipped": 0,
  "brain": {
    "type": "mlp",
    "hidden": 16
  },
  "wall_s": 23.1,
  "project_id": "henrycao-2026-f003b4"
}
wrote experiments/results/design_iteration_1/baseline_v2
video: experiments/results/design_iteration_1/baseline_v2/videos/seed20000002_success | success True t2t 2.84
