brain {'type': 'manc', 'min_weight': 5, 'n_input_types': 32, 'substeps': 4, 'leak': 0.5, 'readout': 'standardized'} (427 params) | 48 generations x 32 episodes | 11 workers | out experiments/results/manc_v2_w5
[gen   0] EVAL success 0.00 reward -39.19 t2t None coll 0.0
[gen   0] fit -43.65 (max -27.21) succ 0.00 115.4s
[gen   1] fit -15.54 (max   5.88) succ 0.06 71.5s
[gen   2] fit -15.83 (max  -3.37) succ 0.19 63.3s
[gen   3] fit -11.79 (max   6.53) succ 0.12 67.6s
[gen   4] fit -12.54 (max  -1.29) succ 0.00 77.0s
[gen   5] EVAL success 0.00 reward -3.71 t2t None coll 0.0
[gen   5] fit  -8.07 (max  -1.00) succ 0.00 122.2s
[gen   6] fit  -4.88 (max   1.28) succ 0.00 78.4s
[gen   7] fit  -5.77 (max  -1.13) succ 0.00 64.5s
[gen   8] fit  -7.29 (max  -2.41) succ 0.00 69.1s
[gen   9] fit  -6.70 (max   0.15) succ 0.00 62.1s
[gen  10] EVAL success 0.00 reward -4.44 t2t None coll 0.0
[gen  10] fit  -5.25 (max  -1.38) succ 0.00 281.2s
[gen  11] fit  -4.64 (max  -0.26) succ 0.00 69.3s
[gen  12] fit  -5.79 (max   1.59) succ 0.00 62.1s
[gen  13] fit  -4.85 (max   2.82) succ 0.03 63.2s
[gen  14] fit  -4.62 (max  -0.44) succ 0.03 64.7s
[gen  15] EVAL success 0.00 reward -2.60 t2t None coll 0.0
[gen  15] fit  -2.13 (max   4.74) succ 0.03 119.2s
[gen  16] fit  -4.53 (max   0.06) succ 0.00 86.4s
[gen  17] fit  -2.34 (max   2.60) succ 0.00 70.3s
[gen  18] fit  -8.60 (max  -1.64) succ 0.00 81.2s
[gen  19] fit  -5.49 (max   0.56) succ 0.00 75.0s
[gen  20] EVAL success 0.00 reward -1.68 t2t None coll 0.0
[gen  20] fit  -4.92 (max  -0.54) succ 0.00 3114.8s
[gen  21] fit  -5.45 (max   4.49) succ 0.06 76.7s
[gen  22] fit  -2.70 (max   5.60) succ 0.06 75.7s
[gen  23] fit  -3.18 (max   3.50) succ 0.06 74.2s
[gen  24] fit  -4.93 (max   5.10) succ 0.00 69.4s
[gen  25] EVAL success 0.00 reward -1.00 t2t None coll 0.0
[gen  25] fit  -2.42 (max   0.87) succ 0.00 101.7s
[gen  26] fit  -2.56 (max   5.97) succ 0.06 62.8s
[gen  27] fit  -2.68 (max   3.23) succ 0.00 64.5s
[gen  28] fit  -1.04 (max   9.55) succ 0.06 74.4s
[gen  29] fit  -2.55 (max   0.41) succ 0.00 78.9s
[gen  30] EVAL success 0.00 reward -1.90 t2t None coll 0.0
[gen  30] fit  -2.06 (max   9.04) succ 0.03 115.6s
[gen  31] fit  -1.19 (max   7.55) succ 0.03 62.8s
[gen  32] fit  -2.64 (max   1.40) succ 0.00 63.0s
[gen  33] fit  -1.40 (max   8.10) succ 0.06 52.4s
[gen  34] fit  -2.22 (max   1.16) succ 0.00 53.5s
[gen  35] EVAL success 0.05 reward 0.15 t2t 2.38 coll 0.0
[gen  35] fit  -1.14 (max   6.03) succ 0.06 92.6s
[gen  36] fit  -2.94 (max   0.62) succ 0.00 52.4s
[gen  37] fit  -1.43 (max   4.16) succ 0.00 55.5s
[gen  38] fit  -1.97 (max   0.10) succ 0.00 86.7s
[gen  39] fit   1.79 (max  11.09) succ 0.09 84.1s
[gen  40] EVAL success 0.05 reward 0.09 t2t 1.58 coll 0.0
[gen  40] fit  -1.27 (max   4.11) succ 0.00 136.6s
[gen  41] fit  -1.51 (max   7.85) succ 0.06 87.3s
[gen  42] fit  -0.30 (max   2.00) succ 0.00 71.5s
[gen  43] fit  -3.94 (max   1.75) succ 0.00 69.9s
[gen  44] fit  -0.85 (max   1.84) succ 0.00 66.2s
[gen  45] EVAL success 0.09 reward 0.60 t2t 1.87 coll 0.0
[gen  45] fit  -1.30 (max   2.43) succ 0.00 119.5s
[gen  46] fit  -0.54 (max   8.08) succ 0.03 71.0s
[gen  47] fit  -1.19 (max   2.15) succ 0.03 74.2s
[gen  48] EVAL success 0.05 reward 1.76 t2t 1.3 coll 0.0
{
  "best": {
    "generation": 45,
    "eval_success_rate": 0.09090909090909091,
    "eval_mean_reward": 0.6048177462561243
  },
  "wall_s": 7025.4,
  "n_params": 427
}
